# vsim -c work.tb_axi_ahblite_bridge_smoke -l smoke.log -wlf smoke.wlf -do "onerror {quit -code 1}; log -r /*; run -all; quit -code 0" 
# Start time: 13:36:26 on Oct 01,2026
# ** Note: (vsim-3812) Design is being optimized...
# //  Questa Sim-64
# //  Version 10.6b linux_x86_64 May 25 2017
# //
# //  Copyright 1991-2017 Mentor Graphics Corporation
# //  All Rights Reserved.
# //
# //  QuestaSim and its associated documentation contain trade
# //  secrets and commercial or financial information that are the property of
# //  Mentor Graphics Corporation and are privileged, confidential,
# //  and exempt from disclosure under the Freedom of Information Act,
# //  5 U.S.C. Section 552. Furthermore, this information
# //  is prohibited from disclosure under the Trade Secrets Act,
# //  18 U.S.C. Section 1905.
# //
# Loading sv_std.std
# Loading work.tb_axi_ahblite_bridge_smoke(fast)
# Loading work.ahb_skid_buf(fast)
# onerror {quit -code 1}
#  Warning: onerror command for use within macro
#  log -r /*
#  run -all
# [0] TEST: reset
# [75000] TEST: single full-word write
# [135000] TEST: single full-word read-back
# [195000] TEST: AXI B-channel backpressure
# [295000] TEST: AXI R-channel backpressure
# [395000] TEST: AHB wait-state write
# [485000] TEST: AHB wait-state read
# [575000] TEST: AHB ERROR to AXI write SLVERR
# [645000] TEST: reset after write SLVERR
# [715000] TEST: AHB ERROR to AXI read SLVERR
# [785000] TEST: reset after read SLVERR
# [855000] TEST: INCR4 write
# [975000] TEST: INCR4 read-back
# ============================================================
# TEST PASS: AXI4-to-AHB-Lite bridge smoke test completed
# ============================================================
# ** Note: $finish    : /home/hle/Desktop/bridge_axi4_ahblite_vip/01_src/dut_tb_basic/tb_axi_ahblite_bridge_smoke.sv(943)
#    Time: 1145 ns  Iteration: 1  Instance: /tb_axi_ahblite_bridge_smoke
# End time: 13:36:27 on Oct 01,2026, Elapsed time: 0:00:01
# Errors: 0, Warnings: 0
