QuestaSim-64 vlog 10.6b Compiler 2017.05 May 25 2017
Start time: 09:00:08 on Sep 28,2026
vlog -sv -mfcu -timescale 1ns/1ps -work work64 "+define+BRIDGE_DATA_WIDTH=64" -l report/logs/compile_w64.log -cover sbcet -f bridge_files.f 
-- Compiling interface axi4_if
-- Compiling interface ahb_if
-- Compiling package bridge_vip_pkg
** Note: (vlog-2286) ../10_tb/bridge_vip_pkg.sv(16): Using implicit +incdir+/cadtools/mentor/Questa_10.6b/questasim/uvm-1.1d/../verilog_src/uvm-1.1d/src from import uvm_pkg
-- Importing package mtiUvm.uvm_pkg (uvm-1.1d Built-in)
-- Compiling package bridge_seq_pkg
-- Importing package bridge_vip_pkg
-- Compiling package bridge_test_pkg
-- Importing package bridge_seq_pkg
-- Compiling module axi4_sva
-- Compiling module ahb_sva
-- Compiling module counter_f
-- Compiling module time_out
** Warning: ../01_src/dut/time_out.sv(54): (vlog-2583) [SVCHK] - Some checking for conflicts with always_comb and always_latch variables not yet supported. Run vopt to provide additional design-level checks.
-- Compiling module ahb_skid_buf
-- Compiling module axi_slv_if
** Warning: ../01_src/dut/axi_slv_if.sv(145): (vlog-2583) [SVCHK] - Some checking for conflicts with always_comb and always_latch variables not yet supported. Run vopt to provide additional design-level checks.
** Warning: ../01_src/dut/axi_slv_if.sv(149): (vlog-2583) [SVCHK] - Some checking for conflicts with always_comb and always_latch variables not yet supported. Run vopt to provide additional design-level checks.
** Warning: ../01_src/dut/axi_slv_if.sv(151): (vlog-2583) [SVCHK] - Some checking for conflicts with always_comb and always_latch variables not yet supported. Run vopt to provide additional design-level checks.
** Warning: ../01_src/dut/axi_slv_if.sv(152): (vlog-2583) [SVCHK] - Some checking for conflicts with always_comb and always_latch variables not yet supported. Run vopt to provide additional design-level checks.
** Warning: ../01_src/dut/axi_slv_if.sv(156): (vlog-2583) [SVCHK] - Some checking for conflicts with always_comb and always_latch variables not yet supported. Run vopt to provide additional design-level checks.
** Warning: ../01_src/dut/axi_slv_if.sv(164): (vlog-2583) [SVCHK] - Some checking for conflicts with always_comb and always_latch variables not yet supported. Run vopt to provide additional design-level checks.
** Warning: ../01_src/dut/axi_slv_if.sv(168): (vlog-2583) [SVCHK] - Some checking for conflicts with always_comb and always_latch variables not yet supported. Run vopt to provide additional design-level checks.
** Warning: ../01_src/dut/axi_slv_if.sv(170): (vlog-2583) [SVCHK] - Some checking for conflicts with always_comb and always_latch variables not yet supported. Run vopt to provide additional design-level checks.
** Warning: ../01_src/dut/axi_slv_if.sv(174): (vlog-2583) [SVCHK] - Some checking for conflicts with always_comb and always_latch variables not yet supported. Run vopt to provide additional design-level checks.
** Warning: ../01_src/dut/axi_slv_if.sv(175): (vlog-2583) [SVCHK] - Some checking for conflicts with always_comb and always_latch variables not yet supported. Run vopt to provide additional design-level checks.
** Warning: ../01_src/dut/axi_slv_if.sv(176): (vlog-2583) [SVCHK] - Some checking for conflicts with always_comb and always_latch variables not yet supported. Run vopt to provide additional design-level checks.
** Warning: ../01_src/dut/axi_slv_if.sv(177): (vlog-2583) [SVCHK] - Some checking for conflicts with always_comb and always_latch variables not yet supported. Run vopt to provide additional design-level checks.
** Warning: ../01_src/dut/axi_slv_if.sv(419): (vlog-2583) [SVCHK] - Some checking for conflicts with always_comb and always_latch variables not yet supported. Run vopt to provide additional design-level checks.
-- Compiling module ahb_mstr_if
-- Compiling module axi_ahblite_bridge
-- Compiling module bridge_tb_top
-- Importing package bridge_test_pkg

Top level modules:
	bridge_tb_top
End time: 09:00:09 on Sep 28,2026, Elapsed time: 0:00:01
Errors: 0, Warnings: 14
