QuestaSim-64 vopt 10.6b Compiler 2017.05 May 25 2017
Start time: 12:42:57 on Sep 29,2026
vopt "+acc" -work work64 -cover sbcet -l report/logs/optimize_w64.log work64.bridge_tb_top -o opt_bridge_tb_top_w64 

Top level modules:
	bridge_tb_top

Analyzing design...
-- Loading module bridge_tb_top
-- Importing package mtiUvm.uvm_pkg (uvm-1.1d Built-in)
-- Importing package bridge_vip_pkg
-- Importing package bridge_seq_pkg
-- Importing package bridge_test_pkg
-- Loading interface axi4_if
-- Loading interface ahb_if
-- Loading module axi_ahblite_bridge
-- Loading module ahb_skid_buf
-- Loading module axi_slv_if
-- Loading module ahb_mstr_if
-- Loading module time_out
-- Loading module axi4_sva
-- Loading module ahb_sva
-- Loading package mtiUvm.questa_uvm_pkg
Optimizing 17 design-units (inlining 0/10 module instances):
-- Optimizing module axi4_sva(fast)
-- Optimizing module ahb_sva(fast)
-- Optimizing module ahb_mstr_if(fast)
** Note: (vopt-143) Recognized 1 FSM in module "ahb_mstr_if(fast)".
-- Optimizing module axi_slv_if(fast)
** Note: (vopt-143) Recognized 2 FSMs in module "axi_slv_if(fast)".
-- Optimizing interface axi4_if(fast)
-- Optimizing module bridge_tb_top(fast)
-- Optimizing module ahb_skid_buf(fast)
-- Optimizing interface ahb_if(fast)
-- Optimizing module axi_ahblite_bridge(fast)
-- Optimizing module time_out(fast)
-- Optimizing package mtiUvm.uvm_pkg (uvm-1.1d Built-in)(fast)
-- Optimizing package mtiUvm.questa_uvm_pkg(fast)
-- Optimizing package bridge_vip_pkg(fast)
-- Optimizing package bridge_seq_pkg(fast)
-- Optimizing package bridge_test_pkg(fast)
-- Optimizing interface axi4_if(fast)
-- Optimizing interface ahb_if(fast)
Optimized design name is opt_bridge_tb_top_w64
End time: 12:43:00 on Sep 29,2026, Elapsed time: 0:00:03
Errors: 0, Warnings: 0
