QuestaSim-64 vopt 10.6b Compiler 2017.05 May 25 2017
Start time: 12:44:12 on Sep 21,2026
vopt "+acc" -work work -cover sbcet -l report/logs/optimize_narrow.log -GC_S_AXI_SUPPORTS_NARROW_BURST=1 work.bridge_tb_top -o opt_bridge_tb_top_narrow 

Top level modules:
	bridge_tb_top

Analyzing design...
-- Loading module bridge_tb_top
-- Importing package mtiUvm.uvm_pkg (uvm-1.1d Built-in)
-- Importing package bridge_vip_pkg
-- Importing package bridge_seq_pkg
-- Importing package bridge_test_pkg
-- Loading interface axi4_if
-- Loading interface ahb_if
-- Loading module axi_ahblite_bridge
-- Loading module ahb_skid_buf
-- Loading module axi_slv_if
-- Loading module ahb_mstr_if
-- Loading module time_out
-- Loading module axi4_sva
-- Loading module ahb_sva
-- Loading package mtiUvm.questa_uvm_pkg
Incremental compilation check found no design-units have changed.
Optimized design name is opt_bridge_tb_top_narrow
End time: 12:44:12 on Sep 21,2026, Elapsed time: 0:00:00
Errors: 0, Warnings: 0
